===============================================================
 02-permissions.log
 수집 시각: 2026-07-31 20:35:18 KST
 수집 방법: scripts/runlog.sh (명령어+출력 동시 기록)
===============================================================

### [준비] 실습 대상 만들기 — 파일 1개 + 디렉토리 1개

$ mkdir -p practice/perm-demo


$ echo "권한 실습용 파일입니다." > practice/perm-test.txt


$ echo "디렉토리 안에 들어있는 파일입니다." > practice/perm-demo/inside.txt


### [1] === 변경 전 === 권한 확인 (ls -l = 파일 / ls -ld = 디렉토리 자신의 정보)

###       새로 만든 파일은 기본 644(rw-r--r--), 디렉토리는 기본 755(rwxr-xr-x) 로 생성된다

$ ls -l practice/perm-test.txt
-rw-r--r--@ 1 ellysuh  staff  34 Jul 31 20:35 practice/perm-test.txt

$ ls -ld practice/perm-demo
drwxr-xr-x@ 3 ellysuh  staff  96 Jul 31 20:35 practice/perm-demo

### [2-1] 파일 권한 변경: 644 -> 600  (rw- r-- r--  ->  rw- --- ---)

###       의미 — 소유자만 읽고 쓸 수 있고, 그룹/기타는 아무것도 못 하게 잠근다

$ chmod 600 practice/perm-test.txt


###       === 변경 후 === 뒤쪽 6글자가 r--r-- 에서 ------ 로 바뀐 것을 확인

$ ls -l practice/perm-test.txt
-rw-------@ 1 ellysuh  staff  34 Jul 31 20:35 practice/perm-test.txt

### [2-2] 디렉토리 권한 변경: 755 -> 700  (rwx r-x r-x  ->  rwx --- ---)

###       의미 — 소유자만 진입/목록조회 가능, 다른 사용자는 폴더에 못 들어온다

$ chmod 700 practice/perm-demo


###       === 변경 후 ===

$ ls -ld practice/perm-demo
drwx------@ 3 ellysuh  staff  96 Jul 31 20:35 practice/perm-demo

### [2-3] 표준 권한으로 되돌리기 — 파일 644 / 디렉토리 755

$ chmod 644 practice/perm-test.txt


$ chmod 755 practice/perm-demo


$ ls -l practice/perm-test.txt
-rw-r--r--@ 1 ellysuh  staff  34 Jul 31 20:35 practice/perm-test.txt

$ ls -ld practice/perm-demo
drwxr-xr-x@ 3 ellysuh  staff  96 Jul 31 20:35 practice/perm-demo

### [3] 권한이 '실제로' 작동하는지 검증 — 파일의 모든 권한을 제거(000)한 뒤 읽기 시도

$ chmod 000 practice/perm-test.txt


$ ls -l practice/perm-test.txt
----------  1 ellysuh  staff  34 Jul 31 20:35 practice/perm-test.txt

###       아래 cat 은 Permission denied 로 실패해야 정상이다 (소유자여도 막힌다)

$ cat practice/perm-test.txt
cat: practice/perm-test.txt: Permission denied
[exit code: 1]

### [4] 권한 복구 후 다시 읽기 — 이번엔 성공해야 한다

$ chmod 644 practice/perm-test.txt


$ ls -l practice/perm-test.txt
-rw-r--r--@ 1 ellysuh  staff  34 Jul 31 20:35 practice/perm-test.txt

$ cat practice/perm-test.txt
권한 실습용 파일입니다.

### [5] 디렉토리의 x(실행) 권한은 '진입 권한'이다 — x 를 빼고 접근해 본다

$ chmod 644 practice/perm-demo


$ ls -ld practice/perm-demo
drw-r--r--@ 3 ellysuh  staff  96 Jul 31 20:35 practice/perm-demo

###       아래 ls 는 Permission denied 로 실패해야 정상이다 (x 가 없으면 폴더에 못 들어간다)

$ ls practice/perm-demo
ls: fts_read: Permission denied
inside.txt
[exit code: 1]

### [6] 디렉토리 권한 복구 — 755 로 되돌리면 다시 접근된다

$ chmod 755 practice/perm-demo


$ ls -ld practice/perm-demo
drwxr-xr-x@ 3 ellysuh  staff  96 Jul 31 20:35 practice/perm-demo

$ ls practice/perm-demo
inside.txt

### [7] 기호 방식으로도 변경 가능 — chmod +x / chmod -x

$ chmod +x practice/perm-test.txt


$ ls -l practice/perm-test.txt
-rwxr-xr-x@ 1 ellysuh  staff  34 Jul 31 20:35 practice/perm-test.txt

$ chmod -x practice/perm-test.txt


$ ls -l practice/perm-test.txt
-rw-r--r--@ 1 ellysuh  staff  34 Jul 31 20:35 practice/perm-test.txt

### [완료] 권한 실습 종료 — 파일 1개(perm-test.txt) + 디렉토리 1개(perm-demo) 검증 완료
