===============================================================
 05-image-build.log
 수집 시각: 2026-07-31 20:36:42 KST
 수집 방법: scripts/runlog.sh (명령어+출력 동시 기록)
===============================================================

### [1] 빌드 재료 확인 — Dockerfile 과 COPY 대상

$ ls -la Dockerfile app templates
-rw-r--r--@ 1 ellysuh  staff  4800 Jul 31 20:26 Dockerfile

app:
total 24
drwxr-xr-x@  5 ellysuh  staff   160 Jul 31 20:25 .
drwxr-xr-x@ 17 ellysuh  staff   544 Jul 31 20:35 ..
-rw-r--r--@  1 ellysuh  staff   356 Jul 31 20:25 50x.html
-rw-r--r--@  1 ellysuh  staff  1176 Jul 31 20:25 index.html
-rw-r--r--@  1 ellysuh  staff  2181 Jul 31 20:25 style.css

templates:
total 8
drwxr-xr-x@  3 ellysuh  staff    96 Jul 31 20:25 .
drwxr-xr-x@ 17 ellysuh  staff   544 Jul 31 20:35 ..
-rw-r--r--@  1 ellysuh  staff  1612 Jul 31 20:25 default.conf.template

### [2] 내가 직접 작성한 Dockerfile 전문

$ cat Dockerfile
# =============================================================================
#  커스텀 웹서버 이미지  (미션 4장 "커스텀 이미지 제작" — 방식 (A) 선택)
#  방식 (A): 웹 서버 베이스 이미지 활용 + 정적 콘텐츠 / 설정 교체
# =============================================================================
#  베이스 이미지를 nginx:1.29-alpine 으로 "마이너 버전까지 고정"한 이유:
#    nginx:alpine 처럼 움직이는 태그를 쓰면 나중에 빌드했을 때 다른 버전이
#    받아져서 결과가 달라진다. 미션이 요구하는 "재현 가능한 환경"을 위해
#    버전을 못 박는다.
# =============================================================================
FROM nginx:1.29-alpine

# -----------------------------------------------------------------------------
# [커스텀 ①] 이미지 메타데이터
#   이 이미지가 무엇인지 이미지 자체에 새겨둔다.
#   docker inspect 로 확인할 수 있어, 나중에 이미지가 쌓였을 때 출처를 추적할 수 있다.
# -----------------------------------------------------------------------------
LABEL org.opencontainers.image.title="my-web" \
      org.opencontainers.image.description="개발 워크스테이션 구축 미션 - 커스텀 nginx 이미지" \
      org.opencontainers.image.version="1.0"

# -----------------------------------------------------------------------------
# [커스텀 ②] 설정값을 코드에서 분리 (ARG → ENV)
#   ARG : 빌드 시점 값. docker build --build-arg 로 변경 가능.
#   ENV : 실행 시점 값. docker run -e 로 변경 가능.
#   기본값을 80/dev 로 두었으므로, 아무 옵션 없이 실행하면 평범한 nginx와 똑같이 동작한다.
#
#   NGINX_ENVSUBST_FILTER 는 "APP_ 로 시작하는 환경변수만 치환하라"는 안전장치다.
#   이걸 비워두면 $PATH, $HOSTNAME 같은 시스템 변수까지 치환 대상이 되어 사고가 난다.
# -----------------------------------------------------------------------------
ARG APP_PORT=80
ARG APP_ENV=dev
ENV APP_PORT=${APP_PORT} \
    APP_ENV=${APP_ENV} \
    NGINX_ENVSUBST_FILTER="^APP_"

# -----------------------------------------------------------------------------
# [커스텀 ③] 정적 콘텐츠 교체
#   nginx 기본 환영 페이지를 내가 만든 페이지로 덮어쓴다.
# -----------------------------------------------------------------------------
COPY app/ /usr/share/nginx/html/

# -----------------------------------------------------------------------------
# [커스텀 ④] 서버 설정 교체 (템플릿 주입)
#   이미지에 원래 있던 /etc/nginx/conf.d/default.conf 는
#   listen 80 이 하드코딩돼 있어 환경변수로 바꿀 수 없다.
#   템플릿을 넣어두면 컨테이너 시작 시 envsubst 가 치환해서 새 default.conf 를 만든다.
# -----------------------------------------------------------------------------
COPY templates/ /etc/nginx/templates/

# -----------------------------------------------------------------------------
# [커스텀 ⑤] 사용 포트 선언
#   EXPOSE 는 "이 컨테이너는 이 포트를 쓸 예정"이라는 문서일 뿐,
#   실제로 외부에 열어주는 것은 docker run -p 다. (README 15-4절에서 설명)
# -----------------------------------------------------------------------------
EXPOSE ${APP_PORT}

# -----------------------------------------------------------------------------
# [커스텀 ⑥] 헬스체크
#   컨테이너가 "떠 있는 것"과 "정상 응답하는 것"은 다르다.
#   Docker가 10초마다 실제로 HTTP 요청을 보내 상태를 판정하게 한다.
#
#   주의 1: nginx:alpine 에는 curl 이 없다. busybox 내장 wget 을 쓴다.
#   주의 2: 반드시 shell 형식(CMD 뒤에 문자열)으로 써야 ${APP_PORT} 가
#           "실행 시점" 값으로 확장된다. exec 형식 ["wget", ...] 은 확장되지 않는다.
# -----------------------------------------------------------------------------
HEALTHCHECK --interval=10s --timeout=3s --start-period=5s --retries=3 \
  CMD wget -q -O /dev/null "http://127.0.0.1:${APP_PORT}/" || exit 1

# -----------------------------------------------------------------------------
#  CMD 는 베이스 이미지 기본값(nginx -g "daemon off;")을 그대로 물려받는다.
#
#  ※ 절대 CMD 를 덮어쓰지 말 것.
#    공식 엔트리포인트는 첫 인자가 nginx 일 때만 /docker-entrypoint.d/*.sh 를 실행한다.
#    CMD 를 sh -c "..." 등으로 바꾸면 템플릿 치환이 조용히 건너뛰어지고
#    포트가 80 에서 바뀌지 않는다. (에러도 안 나서 원인 찾기가 매우 어렵다)
# -----------------------------------------------------------------------------

### [3] nginx 설정 템플릿 — listen 포트를 환경변수로 받는 부분이 핵심

$ cat templates/default.conf.template
# =============================================================================
#  nginx 설정 "템플릿"
# =============================================================================
#  이 파일은 완성된 설정 파일이 아니라 템플릿이다.
#  컨테이너가 시작될 때 nginx 공식 이미지의 엔트리포인트 스크립트
#  (/docker-entrypoint.d/20-envsubst-on-templates.sh)가
#
#      /etc/nginx/templates/default.conf.template
#        --(envsubst 로 ${APP_*} 치환)-->
#      /etc/nginx/conf.d/default.conf
#
#  로 변환해 준다. 그래서 listen 포트를 코드 수정 없이 환경변수로 바꿀 수 있다.
#
#  주의: Dockerfile에서 NGINX_ENVSUBST_FILTER="^APP_" 를 지정했기 때문에
#        치환 대상은 APP_ 로 시작하는 변수뿐이다.
#        $uri, $host 같은 nginx 자체 변수는 그대로 살아남는다.
# =============================================================================

server {
    listen       ${APP_PORT};
    server_name  localhost;

    # 환경변수가 실제로 반영됐다는 증거 ①: 응답 헤더
    add_header X-App-Env  "${APP_ENV}"  always;
    add_header X-App-Port "${APP_PORT}" always;

    location / {
        root  /usr/share/nginx/html;
        index index.html;
    }

    # 환경변수가 실제로 반영됐다는 증거 ②: 전용 엔드포인트
    location = /env {
        default_type text/plain;
        return 200 "APP_ENV=${APP_ENV}\nAPP_PORT=${APP_PORT}\n";
    }

    error_page 500 502 503 504 /50x.html;
    location = /50x.html {
        root /usr/share/nginx/html;
    }
}

### [4] 이미지 빌드 — docker build

###       -t my-web:1.0  = 만들 이미지에 붙일 이름:태그

###       .              = 빌드 재료(빌드 컨텍스트)가 있는 위치 = 현재 폴더

###       --progress=plain = 진행률 애니메이션 대신 평문 출력 (로그로 남기기 위함)

$ docker build --progress=plain -t my-web:1.0 .
#0 building with "orbstack" instance using docker driver

#1 [internal] load build definition from Dockerfile
#1 transferring dockerfile: 4.84kB done
#1 DONE 0.1s

#2 [internal] load metadata for docker.io/library/nginx:1.29-alpine
#2 DONE 0.0s

#3 [internal] load .dockerignore
#3 transferring context:
#3 transferring context: 1.25kB done
#3 DONE 0.0s

#4 [internal] load build context
#4 transferring context: 5.57kB done
#4 DONE 0.0s

#5 [1/3] FROM docker.io/library/nginx:1.29-alpine@sha256:5616878291a2eed594aee8db4dade5878cf7edcb475e59193904b198d9b830de
#5 resolve docker.io/library/nginx:1.29-alpine@sha256:5616878291a2eed594aee8db4dade5878cf7edcb475e59193904b198d9b830de 0.0s done
#5 DONE 0.1s

#6 [2/3] COPY app/ /usr/share/nginx/html/
#6 DONE 0.0s

#7 [3/3] COPY templates/ /etc/nginx/templates/
#7 DONE 0.0s

#8 exporting to image
#8 exporting layers 0.1s done
#8 exporting manifest sha256:7a6e7a31c5ba0acd4bfac89018c165c8dae77e90757ff7222261168f460dbdb6 done
#8 exporting config sha256:2519d31f9736c80768d6c240879113acd0d915c9a9a8afcc3e3250c8d3c55ac9 done
#8 exporting attestation manifest sha256:0eff422020e9db6d0195ccb7be2e77707c1ac16dcee717ef32cf7347671e51e0 done
#8 exporting manifest list sha256:7110d4e5fcaafe54c32cd6ce5d8528c8955441f8b720931909e0603964710187 done
#8 naming to docker.io/library/my-web:1.0 done
#8 unpacking to docker.io/library/my-web:1.0 0.0s done
#8 DONE 0.2s

### [5] 빌드된 이미지 확인 — docker images

$ docker images
WARNING: This output is designed for human readability. For machine-readable output, please use --format.
IMAGE                ID             DISK USAGE   CONTENT SIZE   EXTRA
hello-world:latest   c3cbe1cc1aa5       18.5kB         10.3kB        
my-web:1.0           7110d4e5fcaa       93.1MB         25.8MB        
nginx:1.29-alpine    5616878291a2         94MB         26.7MB        
ubuntu:24.04         4fbb8e6a8395        139MB         30.8MB        

### [6] 커스텀 포인트가 이미지에 실제로 박혔는지 검증 — docker inspect

### [6-1] 커스텀 ① LABEL (이미지 메타데이터)

$ docker inspect my-web:1.0 --format '{{json .Config.Labels}}'
{"maintainer":"NGINX Docker Maintainers <docker-maint@nginx.com>","org.opencontainers.image.description":"개발 워크스테이션 구축 미션 - 커스텀 nginx 이미지","org.opencontainers.image.title":"my-web","org.opencontainers.image.version":"1.0"}

### [6-2] 커스텀 ② ENV (환경변수 기본값)

$ docker inspect my-web:1.0 --format '{{range .Config.Env}}{{println .}}{{end}}'
PATH=/usr/local/sbin:/usr/local/bin:/usr/sbin:/usr/bin:/sbin:/bin
NGINX_VERSION=1.29.8
PKG_RELEASE=1
DYNPKG_RELEASE=1
NJS_VERSION=0.9.6
NJS_RELEASE=1
ACME_VERSION=0.3.1
APP_PORT=80
APP_ENV=dev
NGINX_ENVSUBST_FILTER=^APP_

### [6-3] 커스텀 ⑤ EXPOSE (사용 포트 선언)

$ docker inspect my-web:1.0 --format '{{json .Config.ExposedPorts}}'
{"80/tcp":{}}

### [6-4] 커스텀 ⑥ HEALTHCHECK (상태 점검 방법)

$ docker inspect my-web:1.0 --format '{{json .Config.Healthcheck}}'
{"Test":["CMD-SHELL","wget -q -O /dev/null \"http://127.0.0.1:${APP_PORT}/\" || exit 1"],"Interval":10000000000,"Timeout":3000000000,"StartPeriod":5000000000,"Retries":3}

### [7] 컨테이너 실행 — docker run

###       -d = 백그라운드 실행, -p 8080:80 = 포트 매핑, --name = 컨테이너 이름

$ docker run -d -p 8080:80 --name web-8080 my-web:1.0
4c2bb7cf62dceb8a2a6b04ad46668b9b49c54145390cd1b9d67a8110ebdf1948

### [8] 헬스체크가 실제로 통과하는지 확인 (Docker 가 10초마다 자동 점검)

###       starting -> healthy 로 바뀌면 '떠 있을 뿐 아니라 정상 응답한다'는 뜻이다.

$ docker inspect web-8080 --format 'Health: {{.State.Health.Status}}'
Health: starting

$ docker inspect web-8080 --format 'Health: {{.State.Health.Status}}'
Health: healthy

$ docker ps --filter name=web-8080
CONTAINER ID   IMAGE        COMMAND                  CREATED          STATUS                    PORTS                                     NAMES
4c2bb7cf62dc   my-web:1.0   "/docker-entrypoint.…"   13 seconds ago   Up 12 seconds (healthy)   0.0.0.0:8080->80/tcp, [::]:8080->80/tcp   web-8080

### [9] 실행 중인 컨테이너에 응답 요청 — curl

$ curl -sS -i http://localhost:8080
HTTP/1.1 200 OK
Server: nginx/1.29.8
Date: Fri, 31 Jul 2026 11:36:56 GMT
Content-Type: text/html
Content-Length: 1176
Last-Modified: Fri, 31 Jul 2026 11:25:11 GMT
Connection: keep-alive
ETag: "6a6c8617-498"
X-App-Env: dev
X-App-Port: 80
Accept-Ranges: bytes

<!DOCTYPE html>
<html lang="ko">
<head>
  <meta charset="UTF-8">
  <meta name="viewport" content="width=device-width, initial-scale=1.0">
  <title>개발 워크스테이션 구축 — my-web</title>
  <link rel="stylesheet" href="style.css">
</head>
<body>
  <main class="card">
    <p class="badge">Docker Custom Image</p>
    <h1>개발 워크스테이션 구축</h1>
    <p class="lead">
      이 페이지는 <strong>직접 작성한 Dockerfile</strong>로 빌드한
      커스텀 nginx 이미지가 서빙하고 있습니다.
    </p>

    <dl class="meta">
      <div>
        <dt>이미지</dt>
        <dd><code>my-web:1.0</code></dd>
      </div>
      <div>
        <dt>베이스 이미지</dt>
        <dd><code>nginx:1.29-alpine</code></dd>
      </div>
      <div>
        <dt>콘텐츠 출처</dt>
        <dd><span class="source-image">이미지 내장 (app/index.html)</span></dd>
      </div>
    </dl>

    <p class="hint">
      환경변수 확인용 엔드포인트 →
      <a href="/env"><code>/env</code></a>
    </p>

    <footer>
      <p>미션: 터미널 · Docker · Git/GitHub 개발 환경 구성</p>
    </footer>
  </main>
</body>
</html>

### [10] 설정 템플릿이 실제로 치환됐는지 확인

###       템플릿의 ${APP_PORT} 가 실제 값 80 으로 바뀌어 conf 파일이 생성됐어야 한다.

$ docker exec web-8080 cat /etc/nginx/conf.d/default.conf
# =============================================================================
#  nginx 설정 "템플릿"
# =============================================================================
#  이 파일은 완성된 설정 파일이 아니라 템플릿이다.
#  컨테이너가 시작될 때 nginx 공식 이미지의 엔트리포인트 스크립트
#  (/docker-entrypoint.d/20-envsubst-on-templates.sh)가
#
#      /etc/nginx/templates/default.conf.template
#        --(envsubst 로 ${APP_*} 치환)-->
#      /etc/nginx/conf.d/default.conf
#
#  로 변환해 준다. 그래서 listen 포트를 코드 수정 없이 환경변수로 바꿀 수 있다.
#
#  주의: Dockerfile에서 NGINX_ENVSUBST_FILTER="^APP_" 를 지정했기 때문에
#        치환 대상은 APP_ 로 시작하는 변수뿐이다.
#        $uri, $host 같은 nginx 자체 변수는 그대로 살아남는다.
# =============================================================================

server {
    listen       80;
    server_name  localhost;

    # 환경변수가 실제로 반영됐다는 증거 ①: 응답 헤더
    add_header X-App-Env  "dev"  always;
    add_header X-App-Port "80" always;

    location / {
        root  /usr/share/nginx/html;
        index index.html;
    }

    # 환경변수가 실제로 반영됐다는 증거 ②: 전용 엔드포인트
    location = /env {
        default_type text/plain;
        return 200 "APP_ENV=dev\nAPP_PORT=80\n";
    }

    error_page 500 502 503 504 /50x.html;
    location = /50x.html {
        root /usr/share/nginx/html;
    }
}

### [11] 컨테이너 시작 로그에서 envsubst 동작 확인 — docker logs

$ docker logs web-8080
/docker-entrypoint.sh: /docker-entrypoint.d/ is not empty, will attempt to perform configuration
/docker-entrypoint.sh: Looking for shell scripts in /docker-entrypoint.d/
/docker-entrypoint.sh: Launching /docker-entrypoint.d/10-listen-on-ipv6-by-default.sh
10-listen-on-ipv6-by-default.sh: info: Getting the checksum of /etc/nginx/conf.d/default.conf
10-listen-on-ipv6-by-default.sh: info: Enabled listen on IPv6 in /etc/nginx/conf.d/default.conf
/docker-entrypoint.sh: Sourcing /docker-entrypoint.d/15-local-resolvers.envsh
/docker-entrypoint.sh: Launching /docker-entrypoint.d/20-envsubst-on-templates.sh
20-envsubst-on-templates.sh: Running envsubst on /etc/nginx/templates/default.conf.template to /etc/nginx/conf.d/default.conf
/docker-entrypoint.sh: Launching /docker-entrypoint.d/30-tune-worker-processes.sh
/docker-entrypoint.sh: Configuration complete; ready for start up
2026/07/31 11:36:43 [notice] 1#1: using the "epoll" event method
2026/07/31 11:36:43 [notice] 1#1: nginx/1.29.8
2026/07/31 11:36:43 [notice] 1#1: built by gcc 15.2.0 (Alpine 15.2.0) 
2026/07/31 11:36:43 [notice] 1#1: OS: Linux 7.0.11-orbstack-00360-gc9bc4d96ac70
2026/07/31 11:36:43 [notice] 1#1: getrlimit(RLIMIT_NOFILE): 20480:1048576
2026/07/31 11:36:43 [notice] 1#1: start worker processes
2026/07/31 11:36:43 [notice] 1#1: start worker process 36
2026/07/31 11:36:43 [notice] 1#1: start worker process 37
2026/07/31 11:36:43 [notice] 1#1: start worker process 38
2026/07/31 11:36:43 [notice] 1#1: start worker process 39
2026/07/31 11:36:43 [notice] 1#1: start worker process 40
2026/07/31 11:36:43 [notice] 1#1: start worker process 41
2026/07/31 11:36:43 [notice] 1#1: start worker process 42
2026/07/31 11:36:43 [notice] 1#1: start worker process 43
127.0.0.1 - - [31/Jul/2026:11:36:49 +0000] "GET / HTTP/1.1" 200 1176 "-" "Wget" "-"
192.168.215.1 - - [31/Jul/2026:11:36:56 +0000] "GET / HTTP/1.1" 200 1176 "-" "curl/8.7.1" "-"

### [12] 환경변수 확인용 엔드포인트 응답

$ curl -sS http://localhost:8080/env
APP_ENV=dev
APP_PORT=80

### [완료] 커스텀 이미지 빌드 및 실행 성공
