===============================================================
 07-bind-mount.log
 수집 시각: 2026-07-31 20:41:58 KST
 수집 방법: scripts/runlog.sh (명령어+출력 동시 기록)
===============================================================

### [1] 바인드 마운트란 — 호스트(내 맥)의 폴더를 컨테이너 안 경로에 그대로 연결하는 것

###       -v <호스트경로>:<컨테이너경로> 형식으로 지정한다.

###       호스트경로는 반드시 절대경로여야 하므로 $(pwd) 를 사용한다.

### [2] 마운트할 호스트 폴더의 현재 내용 확인

$ ls -la bindmount-demo
total 8
drwxr-xr-x@  3 ellysuh  staff   96 Jul 31 20:26 .
drwxr-xr-x@ 17 ellysuh  staff  544 Jul 31 20:35 ..
-rw-r--r--@  1 ellysuh  staff  894 Jul 31 20:41 index.html

$ grep -o "v1" bindmount-demo/index.html | head -1
v1

### [3] 바인드 마운트로 컨테이너 실행

###       컨테이너 안 /usr/share/nginx/html 자리에 호스트 폴더가 '덮어씌워' 연결된다.

###       그래서 이미지에 들어있던 app/index.html 은 가려지고 호스트 파일이 보이게 된다.

$ docker run -d -p 8082:80 -v /Users/ellysuh/Documents/1-homework/bindmount-demo:/usr/share/nginx/html --name web-bind my-web:1.0
bad98c888ec1f3c5414b87bec9ccf316566aa40de1992baad3a02451076004f3

$ docker ps --filter name=web-bind --format 'table {{.Names}}\t{{.Ports}}\t{{.Status}}'
NAMES      PORTS                                     STATUS
web-bind   0.0.0.0:8082->80/tcp, [::]:8082->80/tcp   Up 3 seconds (health: starting)

### [4] 마운트 설정이 실제로 걸렸는지 확인 — docker inspect

$ docker inspect web-bind --format '{{range .Mounts}}Type={{.Type}}  Source={{.Source}}  Destination={{.Destination}}{{println}}{{end}}'
Type=bind  Source=/Users/ellysuh/Documents/1-homework/bindmount-demo  Destination=/usr/share/nginx/html

### [5] === 변경 전 === 호스트 파일 수정 전의 응답

$ curl -sS http://localhost:8082 | grep -E "ver\">|수정" 
    <p class="ver">v1</p>
    <p>수정 전 상태</p>

### [6] 컨테이너 안에서도 같은 파일이 보이는지 확인 (호스트 파일이 그대로 들어와 있다)

$ docker exec web-bind sh -c 'ls -la /usr/share/nginx/html && echo "---" && grep -o "v1" /usr/share/nginx/html/index.html | head -1'
total 4
drwxr-xr-x    1 root     root            96 Jul 31 11:26 .
drwxr-xr-x    1 root     root             8 Apr 15 20:16 ..
-rw-r--r--    1 root     root           894 Jul 31 11:41 index.html
---
v1

### [7] *** 호스트에서 파일을 수정한다 *** (컨테이너는 건드리지 않는다)

###       v1 -> v2 로 바꾸고, 재빌드도 재시작도 하지 않는다.

$ sed -i '' 's|>v1<|>v2<|; s|바인드 마운트 실습 — v1|바인드 마운트 실습 — v2|; s|수정 전 상태|수정 후 상태 (호스트에서 방금 고침)|' bindmount-demo/index.html


$ grep -o "v2" bindmount-demo/index.html | head -1
v2

### [8] === 변경 후 === 재빌드/재시작 없이 곧바로 다시 요청해 본다

$ curl -sS http://localhost:8082 | grep -E "ver\">|수정"
    <p class="ver">v2</p>
    <p>수정 후 상태 (호스트에서 방금 고침)</p>

### [9] 컨테이너 안에서도 즉시 바뀌었는지 확인

$ docker exec web-bind sh -c 'grep -o "v2" /usr/share/nginx/html/index.html | head -1'
v2

### [10] 대조 — 바인드 마운트를 안 건 컨테이너(8080)는 이미지 내장 콘텐츠 그대로다

$ curl -sS http://localhost:8080 | grep -o "이미지 내장 (app/index.html)"
이미지 내장 (app/index.html)

### >>> 결론: 바인드 마운트를 걸면 호스트 파일 수정이 컨테이너에 즉시 반영된다.

###          이미지를 다시 빌드하거나 컨테이너를 재시작할 필요가 없다.

###          그래서 개발 중 코드를 고쳐가며 확인할 때 유용하다.

### [11] 실습 컨테이너 정리

$ docker rm -f web-bind
web-bind

### [완료] 바인드 마운트 반영 검증 완료
